---
source: tests/spec_snapshots.rs
expression: entries
---
[
  [
    "cinematic",
    {
      "blur_band_fraction": 0.42,
      "blur_sigma": 36.0,
      "darken_strength": 0.72,
      "logo_width_fraction": 0.66,
      "logo_bottom_fraction": 0.14,
      "badge_height": 44,
      "band_colour": "#000000",
      "band_ramp_fraction": null,
      "top_shadow_strength": 0.0,
      "top_shadow_fraction": 0.25,
      "badge_width_fraction": 0.0,
      "badge_top_fraction": 0.045,
      "badge_from_artwork": false,
      "caption_height": 88,
      "caption_bottom_fraction": 0.107,
      "caption_colour": "#b8a8a0"
    }
  ],
  [
    "minimal",
    {
      "blur_band_fraction": 0.18,
      "blur_sigma": 12.0,
      "darken_strength": 0.35,
      "logo_width_fraction": 0.5,
      "logo_bottom_fraction": 0.09,
      "badge_height": 36,
      "band_colour": "#000000",
      "band_ramp_fraction": null,
      "top_shadow_strength": 0.0,
      "top_shadow_fraction": 0.25,
      "badge_width_fraction": 0.0,
      "badge_top_fraction": 0.045,
      "badge_from_artwork": false,
      "caption_height": 88,
      "caption_bottom_fraction": 0.107,
      "caption_colour": "#b8a8a0"
    }
  ],
  [
    "poster_wall",
    {
      "blur_band_fraction": 0.34,
      "blur_sigma": 28.0,
      "darken_strength": 0.62,
      "logo_width_fraction": 0.74,
      "logo_bottom_fraction": 0.1,
      "badge_height": 56,
      "band_colour": "#000000",
      "band_ramp_fraction": null,
      "top_shadow_strength": 0.0,
      "top_shadow_fraction": 0.25,
      "badge_width_fraction": 0.0,
      "badge_top_fraction": 0.045,
      "badge_from_artwork": false,
      "caption_height": 88,
      "caption_bottom_fraction": 0.107,
      "caption_colour": "#b8a8a0"
    }
  ],
  [
    "standard",
    {
      "blur_band_fraction": 0.3,
      "blur_sigma": 24.0,
      "darken_strength": 0.94,
      "logo_width_fraction": 0.6,
      "logo_bottom_fraction": 0.12,
      "badge_height": 140,
      "band_colour": "#2b0503",
      "band_ramp_fraction": 0.65,
      "top_shadow_strength": 0.85,
      "top_shadow_fraction": 0.25,
      "badge_width_fraction": 0.5,
      "badge_top_fraction": 0.0,
      "badge_from_artwork": true,
      "caption_height": 88,
      "caption_bottom_fraction": 0.107,
      "caption_colour": "#b8a8a0"
    }
  ]
]
